Failure in exe_found.py:

  There were no remaining checks left to match stdout:1:
    fart

  additional output on stderr:1:
    exe_found.py: line 4: ath: command not found

  Context:
    fart <= no more checks

  when running command:
    /bin/bash exe_found.py
